// Jest Snapshot v1, https://goo.gl/fbAQLP

exports[`Directory styles Test Should match the snapspshot 1`] = `
<DocumentFragment>
  .c0 {
  width: 100%;
  display: -webkit-box;
  display: -webkit-flex;
  display: -ms-flexbox;
  display: flex;
  -webkit-flex-direction: column;
  -ms-flex-direction: column;
  flex-direction: column;
  margin: 0 auto;
}

@media only screen and (min-width:700px) {
  .c0 {
    display: grid;
    grid-template-columns: 1fr 1fr;
    grid-gap: 5rem;
  }
}

<div
    class="c0"
  />
</DocumentFragment>
`;
